
================================================================================
PATCH TEST RESULTS
================================================================================
[0m[31m2026-02-11 11:01:27.686 (   0.076s) [        4EF0D720]       vtkXMLParser.cxx:375    ERR| vtkXMLDataParser (0x12325070): Error parsing XML in stream at line 29, column 0, byte index 2495: junk after document element[0m
[0m[31m2026-02-11 11:01:27.686 (   0.076s) [        4EF0D720]       vtkXMLReader.cxx:521    ERR| vtkXMLUnstructuredGridReader (0x11d860d0): Error parsing input file.  ReadXMLInformation aborting.[0m
[0m[31m2026-02-11 11:01:27.686 (   0.076s) [        4EF0D720]       vtkExecutive.cxx:752    ERR| vtkCompositeDataPipeline (0x1231c140): Algorithm vtkXMLUnstructuredGridReader(0x11d860d0) returned failure for request: vtkInformation (0x12322990)
  Debug: Off
  Modified Time: 174
  Reference Count: 1
  Registered Events: (none)
  Request: REQUEST_INFORMATION
  ALGORITHM_AFTER_FORWARD: 1
  FORWARD_DIRECTION: 0

[0m
[0m[31m2026-02-11 11:01:27.686 (   0.076s) [        4EF0D720]       vtkXMLParser.cxx:375    ERR| vtkXMLDataParser (0x12335890): Error parsing XML in stream at line 29, column 0, byte index 2495: junk after document element[0m
[0m[31m2026-02-11 11:01:27.686 (   0.076s) [        4EF0D720]       vtkXMLReader.cxx:521    ERR| vtkXMLUnstructuredGridReader (0x123270c0): Error parsing input file.  ReadXMLInformation aborting.[0m
[0m[31m2026-02-11 11:01:27.686 (   0.076s) [        4EF0D720]       vtkExecutive.cxx:752    ERR| vtkCompositeDataPipeline (0x123237f0): Algorithm vtkXMLUnstructuredGridReader(0x123270c0) returned failure for request: vtkInformation (0x123355c0)
  Debug: Off
  Modified Time: 339
  Reference Count: 1
  Registered Events: (none)
  Request: REQUEST_INFORMATION
  ALGORITHM_AFTER_FORWARD: 1
  FORWARD_DIRECTION: 0

[0m
HYPOTHESIS: Whitespace before underscore marker causes parsing failure

ORIGINAL FILE TEST:
  Result: SUCCESS (unexpected)

PATCHED FILE TEST (whitespace removed):
  Result: SUCCESS
  Points: 0
  Cells: 0

CONCLUSION: Hypothesis CONFIRMED - whitespace removal fixes the issue

Patched file location: ttk_outputs/direct/pd_vtu/gan_GT_s0_speed_p160_x0_y0_pd_PATCHED.vtu
=================================================================================
