=== SYSTEM ===
Wed Feb 11 08:48:02 PM UTC 2026
Linux spark-345b 6.14.0-1013-nvidia #13-Ubuntu SMP PREEMPT_DYNAMIC Wed Oct 29 06:01:19 UTC 2025 aarch64 aarch64 aarch64 GNU/Linux
aarch64
ldd (Ubuntu GLIBC 2.39-0ubuntu8.6) 2.39
Copyright (C) 2024 Free Software Foundation, Inc.
Python 3.12.3
/usr/bin/python3
cmake version 3.28.3

CMake suite maintained and supported by Kitware (kitware.com/cmake).
gcc (Ubuntu 13.3.0-6ubuntu2~24.04) 13.3.0
Wed Feb 11 14:48:02 2026       
+-----------------------------------------------------------------------------------------+
| NVIDIA-SMI 580.95.05              Driver Version: 580.95.05      CUDA Version: 13.0     |
+-----------------------------------------+------------------------+----------------------+
| GPU  Name                 Persistence-M | Bus-Id          Disp.A | Volatile Uncorr. ECC |
| Fan  Temp   Perf          Pwr:Usage/Cap |           Memory-Usage | GPU-Util  Compute M. |
|                                         |                        |               MIG M. |
|=========================================+========================+======================|
|   0  NVIDIA GB10                    On  |   0000000F:01:00.0 Off |                  N/A |
| N/A   37C    P8              4W /  N/A  | Not Supported          |      0%      Default |
|                                         |                        |                  N/A |
+-----------------------------------------+------------------------+----------------------+

+-----------------------------------------------------------------------------------------+
| Processes:                                                                              |
|  GPU   GI   CI              PID   Type   Process name                        GPU Memory |
|        ID   ID                                                               Usage      |
|=========================================================================================|
|    0   N/A  N/A            2593      G   /usr/lib/xorg/Xorg                       43MiB |
|    0   N/A  N/A            2721      G   /usr/bin/gnome-shell                     17MiB |
+-----------------------------------------------------------------------------------------+

=== INPUT VTU ===
VTU_FILE=ttk_outputs/direct/pd_vtu/gan_GT_s0_speed_p160_x0_y0_pd.vtu_port_0.vtu
ls: cannot access 'ttk_outputs/direct/pd_vtu/gan_GT_s0_speed_p160_x0_y0_pd.vtu_port_0.vtu': No such file or directory
